---
source: libsql-server/src/rpc/streaming_exec.rs
expression: stream.next().await.unwrap().unwrap()
---
{
  "request_id": 0,
  "response": {
    "ProgramResp": {
      "steps": [
        {
          "step": {
            "Init": {}
          }
        },
        {
          "step": {
            "BeginStep": {}
          }
        },
        {
          "step": {
            "ColsDescription": {
              "columns": []
            }
          }
        },
        {
          "step": {
            "BeginRows": {}
          }
        },
        {
          "step": {
            "FinishRows": {}
          }
        },
        {
          "step": {
            "FinishStep": {
              "affected_row_count": 0,
              "last_insert_rowid": null
            }
          }
        },
        {
          "step": {
            "Finish": {
              "last_frame_no": 0,
              "is_autocommit": true
            }
          }
        }
      ]
    }
  }
}
